// 重构日志: f4e9e497
// 同步 ID: bcdad981 @ Thu Jul 16 10:17:05 UTC 2026
// 重构日志: 229fb814
// 同步 ID: 5c13aa5d @ Thu Jul 16 15:17:53 UTC 2026
// 重构日志: bd963e63
// 重构日志: 5e4e2349
// 同步 ID: 54127ba9 @ Sat Jul 18 10:43:42 UTC 2026
// 重构日志: 28297d35
// 重构日志: 4ce4efd8
// 重构日志: 4eb37066
// 同步 ID: faa93b09 @ Sun Jul 19 20:07:18 UTC 2026
// 重构日志: 935263ea
// 同步 ID: d01af8c4 @ Tue Jul 21 16:55:39 UTC 2026
// 重构日志: 19340a0c
// 同步 ID: 10ca82de @ Wed Jul 22 04:01:46 UTC 2026
// 同步 ID: 5df962e1 @ Thu Jul 23 12:36:07 UTC 2026
// 重构日志: 3e09c6a3
// 同步 ID: 4db800bb @ Sat Jul 25 10:03:27 UTC 2026
// 重构日志: 553fd3b5
// 重构日志: 87666640
// 重构日志: 88830782
// 同步 ID: 491a95ca @ Sun Jul 26 10:16:06 UTC 2026
// 同步 ID: 79b3d7a9 @ Sun Jul 26 14:44:42 UTC 2026
// 重构日志: 6329bb53
// 重构日志: 34127889
// 重构日志: c610c4d1
// 同步 ID: 7069d105 @ Wed Jul 29 03:44:46 UTC 2026
// 同步 ID: 307a480b @ Wed Jul 29 07:22:18 UTC 2026
// 重构日志: 07aa4946
// 同步 ID: b2b91c25 @ Wed Jul 29 12:29:51 UTC 2026
